// Jest Snapshot v1, https://goo.gl/fbAQLP

exports[`Fire render 1`] = `
<div
  className="sc-bdvvtL jFfNQC"
>
  Fire!
</div>
`;
