// Jest Snapshot v1, https://goo.gl/fbAQLP

exports[`EnemyField component 1`] = `
Object {
  "asFragment": [Function],
  "baseElement": <body>
    <div>
      <div
        class="sc-hKwDye eubgr"
      >
        <div
          class="sc-eCImPb fEIBIZ"
        >
          <div
            class="sc-jRQBWg VAgvn"
          >
            <div
              class="sc-gKclnd HCazm"
            />
            <div
              class="sc-gKclnd HCazm"
            >
              a
            </div>
            <div
              class="sc-gKclnd HCazm"
            >
              b
            </div>
            <div
              class="sc-gKclnd HCazm"
            >
              c
            </div>
            <div
              class="sc-gKclnd HCazm"
            >
              d
            </div>
            <div
              class="sc-gKclnd HCazm"
            >
              f
            </div>
            <div
              class="sc-gKclnd HCazm"
            >
              g
            </div>
            <div
              class="sc-gKclnd HCazm"
            >
              h
            </div>
            <div
              class="sc-gKclnd HCazm"
            >
              i
            </div>
            <div
              class="sc-gKclnd HCazm"
            >
              j
            </div>
            <div
              class="sc-gKclnd HCazm"
            >
              k
            </div>
            <div
              class="sc-gKclnd HCazm"
            />
          </div>
          <div
            class="sc-gsDKAQ bcactL"
          >
            <div
              class="sc-dkPtRN ePBYqE"
            >
              1
            </div>
            <div
              class="sc-bdvvtL kKXOVj"
              color="#122FAA"
            />
            <div
              class="sc-bdvvtL kKXOVj"
              color="#122FAA"
            />
            <div
              class="sc-bdvvtL kKXOVj"
              color="#122FAA"
            />
            <div
              class="sc-bdvvtL kKXOVj"
              color="#122FAA"
            />
            <div
              class="sc-bdvvtL kKXOVj"
              color="#122FAA"
            />
            <div
              class="sc-bdvvtL kKXOVj"
              color="#122FAA"
            />
            <div
              class="sc-bdvvtL kKXOVj"
              color="#122FAA"
            />
            <div
              class="sc-bdvvtL kKXOVj"
              color="#122FAA"
            />
            <div
              class="sc-bdvvtL kKXOVj"
              color="#122FAA"
            />
            <div
              class="sc-bdvvtL kKXOVj"
              color="#122FAA"
            />
            <div
              class="sc-dkPtRN ePBYqE"
            >
              1
            </div>
          </div>
          <div
            class="sc-gsDKAQ bcactL"
          >
            <div
              class="sc-dkPtRN ePBYqE"
            >
              2
            </div>
            <div
              class="sc-bdvvtL kKXOVj"
              color="#122FAA"
            />
            <div
              class="sc-bdvvtL kKXOVj"
              color="#122FAA"
            />
            <div
              class="sc-bdvvtL kKXOVj"
              color="#122FAA"
            />
            <div
              class="sc-bdvvtL kKXOVj"
              color="#122FAA"
            />
            <div
              class="sc-bdvvtL kKXOVj"
              color="#122FAA"
            />
            <div
              class="sc-bdvvtL kKXOVj"
              color="#122FAA"
            />
            <div
              class="sc-bdvvtL kKXOVj"
              color="#122FAA"
            />
            <div
              class="sc-bdvvtL kKXOVj"
              color="#122FAA"
            />
            <div
              class="sc-bdvvtL kKXOVj"
              color="#122FAA"
            />
            <div
              class="sc-bdvvtL kKXOVj"
              color="#122FAA"
            />
            <div
              class="sc-dkPtRN ePBYqE"
            >
              2
            </div>
          </div>
          <div
            class="sc-gsDKAQ bcactL"
          >
            <div
              class="sc-dkPtRN ePBYqE"
            >
              3
            </div>
            <div
              class="sc-bdvvtL kKXOVj"
              color="#122FAA"
            />
            <div
              class="sc-bdvvtL kKXOVj"
              color="#122FAA"
            />
            <div
              class="sc-bdvvtL kKXOVj"
              color="#122FAA"
            />
            <div
              class="sc-bdvvtL kKXOVj"
              color="#122FAA"
            />
            <div
              class="sc-bdvvtL kKXOVj"
              color="#122FAA"
            />
            <div
              class="sc-bdvvtL kKXOVj"
              color="#122FAA"
            />
            <div
              class="sc-bdvvtL kKXOVj"
              color="#122FAA"
            />
            <div
              class="sc-bdvvtL kKXOVj"
              color="#122FAA"
            />
            <div
              class="sc-bdvvtL kKXOVj"
              color="#122FAA"
            />
            <div
              class="sc-bdvvtL kKXOVj"
              color="#122FAA"
            />
            <div
              class="sc-dkPtRN ePBYqE"
            >
              3
            </div>
          </div>
          <div
            class="sc-gsDKAQ bcactL"
          >
            <div
              class="sc-dkPtRN ePBYqE"
            >
              4
            </div>
            <div
              class="sc-bdvvtL kKXOVj"
              color="#122FAA"
            />
            <div
              class="sc-bdvvtL kKXOVj"
              color="#122FAA"
            />
            <div
              class="sc-bdvvtL kKXOVj"
              color="#122FAA"
            />
            <div
              class="sc-bdvvtL kKXOVj"
              color="#122FAA"
            />
            <div
              class="sc-bdvvtL kKXOVj"
              color="#122FAA"
            />
            <div
              class="sc-bdvvtL kKXOVj"
              color="#122FAA"
            />
            <div
              class="sc-bdvvtL kKXOVj"
              color="#122FAA"
            />
            <div
              class="sc-bdvvtL kKXOVj"
              color="#122FAA"
            />
            <div
              class="sc-bdvvtL kKXOVj"
              color="#122FAA"
            />
            <div
              class="sc-bdvvtL kKXOVj"
              color="#122FAA"
            />
            <div
              class="sc-dkPtRN ePBYqE"
            >
              4
            </div>
          </div>
          <div
            class="sc-gsDKAQ bcactL"
          >
            <div
              class="sc-dkPtRN ePBYqE"
            >
              5
            </div>
            <div
              class="sc-bdvvtL kKXOVj"
              color="#122FAA"
            />
            <div
              class="sc-bdvvtL kKXOVj"
              color="#122FAA"
            />
            <div
              class="sc-bdvvtL kKXOVj"
              color="#122FAA"
            />
            <div
              class="sc-bdvvtL kKXOVj"
              color="#122FAA"
            />
            <div
              class="sc-bdvvtL kKXOVj"
              color="#122FAA"
            />
            <div
              class="sc-bdvvtL kKXOVj"
              color="#122FAA"
            />
            <div
              class="sc-bdvvtL kKXOVj"
              color="#122FAA"
            />
            <div
              class="sc-bdvvtL kKXOVj"
              color="#122FAA"
            />
            <div
              class="sc-bdvvtL kKXOVj"
              color="#122FAA"
            />
            <div
              class="sc-bdvvtL kKXOVj"
              color="#122FAA"
            />
            <div
              class="sc-dkPtRN ePBYqE"
            >
              5
            </div>
          </div>
          <div
            class="sc-gsDKAQ bcactL"
          >
            <div
              class="sc-dkPtRN ePBYqE"
            >
              6
            </div>
            <div
              class="sc-bdvvtL kKXOVj"
              color="#122FAA"
            />
            <div
              class="sc-bdvvtL kKXOVj"
              color="#122FAA"
            />
            <div
              class="sc-bdvvtL kKXOVj"
              color="#122FAA"
            />
            <div
              class="sc-bdvvtL kKXOVj"
              color="#122FAA"
            />
            <div
              class="sc-bdvvtL kKXOVj"
              color="#122FAA"
            />
            <div
              class="sc-bdvvtL kKXOVj"
              color="#122FAA"
            />
            <div
              class="sc-bdvvtL kKXOVj"
              color="#122FAA"
            />
            <div
              class="sc-bdvvtL kKXOVj"
              color="#122FAA"
            />
            <div
              class="sc-bdvvtL kKXOVj"
              color="#122FAA"
            />
            <div
              class="sc-bdvvtL kKXOVj"
              color="#122FAA"
            />
            <div
              class="sc-dkPtRN ePBYqE"
            >
              6
            </div>
          </div>
          <div
            class="sc-gsDKAQ bcactL"
          >
            <div
              class="sc-dkPtRN ePBYqE"
            >
              7
            </div>
            <div
              class="sc-bdvvtL kKXOVj"
              color="#122FAA"
            />
            <div
              class="sc-bdvvtL kKXOVj"
              color="#122FAA"
            />
            <div
              class="sc-bdvvtL kKXOVj"
              color="#122FAA"
            />
            <div
              class="sc-bdvvtL kKXOVj"
              color="#122FAA"
            />
            <div
              class="sc-bdvvtL kKXOVj"
              color="#122FAA"
            />
            <div
              class="sc-bdvvtL kKXOVj"
              color="#122FAA"
            />
            <div
              class="sc-bdvvtL kKXOVj"
              color="#122FAA"
            />
            <div
              class="sc-bdvvtL kKXOVj"
              color="#122FAA"
            />
            <div
              class="sc-bdvvtL kKXOVj"
              color="#122FAA"
            />
            <div
              class="sc-bdvvtL kKXOVj"
              color="#122FAA"
            />
            <div
              class="sc-dkPtRN ePBYqE"
            >
              7
            </div>
          </div>
          <div
            class="sc-gsDKAQ bcactL"
          >
            <div
              class="sc-dkPtRN ePBYqE"
            >
              8
            </div>
            <div
              class="sc-bdvvtL kKXOVj"
              color="#122FAA"
            />
            <div
              class="sc-bdvvtL kKXOVj"
              color="#122FAA"
            />
            <div
              class="sc-bdvvtL kKXOVj"
              color="#122FAA"
            />
            <div
              class="sc-bdvvtL kKXOVj"
              color="#122FAA"
            />
            <div
              class="sc-bdvvtL kKXOVj"
              color="#122FAA"
            />
            <div
              class="sc-bdvvtL kKXOVj"
              color="#122FAA"
            />
            <div
              class="sc-bdvvtL kKXOVj"
              color="#122FAA"
            />
            <div
              class="sc-bdvvtL kKXOVj"
              color="#122FAA"
            />
            <div
              class="sc-bdvvtL kKXOVj"
              color="#122FAA"
            />
            <div
              class="sc-bdvvtL kKXOVj"
              color="#122FAA"
            />
            <div
              class="sc-dkPtRN ePBYqE"
            >
              8
            </div>
          </div>
          <div
            class="sc-gsDKAQ bcactL"
          >
            <div
              class="sc-dkPtRN ePBYqE"
            >
              9
            </div>
            <div
              class="sc-bdvvtL kKXOVj"
              color="#122FAA"
            />
            <div
              class="sc-bdvvtL kKXOVj"
              color="#122FAA"
            />
            <div
              class="sc-bdvvtL kKXOVj"
              color="#122FAA"
            />
            <div
              class="sc-bdvvtL kKXOVj"
              color="#122FAA"
            />
            <div
              class="sc-bdvvtL kKXOVj"
              color="#122FAA"
            />
            <div
              class="sc-bdvvtL kKXOVj"
              color="#122FAA"
            />
            <div
              class="sc-bdvvtL kKXOVj"
              color="#122FAA"
            />
            <div
              class="sc-bdvvtL kKXOVj"
              color="#122FAA"
            />
            <div
              class="sc-bdvvtL kKXOVj"
              color="#122FAA"
            />
            <div
              class="sc-bdvvtL kKXOVj"
              color="#122FAA"
            />
            <div
              class="sc-dkPtRN ePBYqE"
            >
              9
            </div>
          </div>
          <div
            class="sc-gsDKAQ bcactL"
          >
            <div
              class="sc-dkPtRN ePBYqE"
            >
              10
            </div>
            <div
              class="sc-bdvvtL kKXOVj"
              color="#122FAA"
            />
            <div
              class="sc-bdvvtL kKXOVj"
              color="#122FAA"
            />
            <div
              class="sc-bdvvtL kKXOVj"
              color="#122FAA"
            />
            <div
              class="sc-bdvvtL kKXOVj"
              color="#122FAA"
            />
            <div
              class="sc-bdvvtL kKXOVj"
              color="#122FAA"
            />
            <div
              class="sc-bdvvtL kKXOVj"
              color="#122FAA"
            />
            <div
              class="sc-bdvvtL kKXOVj"
              color="#122FAA"
            />
            <div
              class="sc-bdvvtL kKXOVj"
              color="#122FAA"
            />
            <div
              class="sc-bdvvtL kKXOVj"
              color="#122FAA"
            />
            <div
              class="sc-bdvvtL kKXOVj"
              color="#122FAA"
            />
            <div
              class="sc-dkPtRN ePBYqE"
            >
              10
            </div>
          </div>
          <div
            class="sc-jRQBWg VAgvn"
          >
            <div
              class="sc-gKclnd HCazm"
            />
            <div
              class="sc-gKclnd HCazm"
            >
              a
            </div>
            <div
              class="sc-gKclnd HCazm"
            >
              b
            </div>
            <div
              class="sc-gKclnd HCazm"
            >
              c
            </div>
            <div
              class="sc-gKclnd HCazm"
            >
              d
            </div>
            <div
              class="sc-gKclnd HCazm"
            >
              f
            </div>
            <div
              class="sc-gKclnd HCazm"
            >
              g
            </div>
            <div
              class="sc-gKclnd HCazm"
            >
              h
            </div>
            <div
              class="sc-gKclnd HCazm"
            >
              i
            </div>
            <div
              class="sc-gKclnd HCazm"
            >
              j
            </div>
            <div
              class="sc-gKclnd HCazm"
            >
              k
            </div>
            <div
              class="sc-gKclnd HCazm"
            />
          </div>
        </div>
      </div>
    </div>
  </body>,
  "container": <div>
    <div
      class="sc-hKwDye eubgr"
    >
      <div
        class="sc-eCImPb fEIBIZ"
      >
        <div
          class="sc-jRQBWg VAgvn"
        >
          <div
            class="sc-gKclnd HCazm"
          />
          <div
            class="sc-gKclnd HCazm"
          >
            a
          </div>
          <div
            class="sc-gKclnd HCazm"
          >
            b
          </div>
          <div
            class="sc-gKclnd HCazm"
          >
            c
          </div>
          <div
            class="sc-gKclnd HCazm"
          >
            d
          </div>
          <div
            class="sc-gKclnd HCazm"
          >
            f
          </div>
          <div
            class="sc-gKclnd HCazm"
          >
            g
          </div>
          <div
            class="sc-gKclnd HCazm"
          >
            h
          </div>
          <div
            class="sc-gKclnd HCazm"
          >
            i
          </div>
          <div
            class="sc-gKclnd HCazm"
          >
            j
          </div>
          <div
            class="sc-gKclnd HCazm"
          >
            k
          </div>
          <div
            class="sc-gKclnd HCazm"
          />
        </div>
        <div
          class="sc-gsDKAQ bcactL"
        >
          <div
            class="sc-dkPtRN ePBYqE"
          >
            1
          </div>
          <div
            class="sc-bdvvtL kKXOVj"
            color="#122FAA"
          />
          <div
            class="sc-bdvvtL kKXOVj"
            color="#122FAA"
          />
          <div
            class="sc-bdvvtL kKXOVj"
            color="#122FAA"
          />
          <div
            class="sc-bdvvtL kKXOVj"
            color="#122FAA"
          />
          <div
            class="sc-bdvvtL kKXOVj"
            color="#122FAA"
          />
          <div
            class="sc-bdvvtL kKXOVj"
            color="#122FAA"
          />
          <div
            class="sc-bdvvtL kKXOVj"
            color="#122FAA"
          />
          <div
            class="sc-bdvvtL kKXOVj"
            color="#122FAA"
          />
          <div
            class="sc-bdvvtL kKXOVj"
            color="#122FAA"
          />
          <div
            class="sc-bdvvtL kKXOVj"
            color="#122FAA"
          />
          <div
            class="sc-dkPtRN ePBYqE"
          >
            1
          </div>
        </div>
        <div
          class="sc-gsDKAQ bcactL"
        >
          <div
            class="sc-dkPtRN ePBYqE"
          >
            2
          </div>
          <div
            class="sc-bdvvtL kKXOVj"
            color="#122FAA"
          />
          <div
            class="sc-bdvvtL kKXOVj"
            color="#122FAA"
          />
          <div
            class="sc-bdvvtL kKXOVj"
            color="#122FAA"
          />
          <div
            class="sc-bdvvtL kKXOVj"
            color="#122FAA"
          />
          <div
            class="sc-bdvvtL kKXOVj"
            color="#122FAA"
          />
          <div
            class="sc-bdvvtL kKXOVj"
            color="#122FAA"
          />
          <div
            class="sc-bdvvtL kKXOVj"
            color="#122FAA"
          />
          <div
            class="sc-bdvvtL kKXOVj"
            color="#122FAA"
          />
          <div
            class="sc-bdvvtL kKXOVj"
            color="#122FAA"
          />
          <div
            class="sc-bdvvtL kKXOVj"
            color="#122FAA"
          />
          <div
            class="sc-dkPtRN ePBYqE"
          >
            2
          </div>
        </div>
        <div
          class="sc-gsDKAQ bcactL"
        >
          <div
            class="sc-dkPtRN ePBYqE"
          >
            3
          </div>
          <div
            class="sc-bdvvtL kKXOVj"
            color="#122FAA"
          />
          <div
            class="sc-bdvvtL kKXOVj"
            color="#122FAA"
          />
          <div
            class="sc-bdvvtL kKXOVj"
            color="#122FAA"
          />
          <div
            class="sc-bdvvtL kKXOVj"
            color="#122FAA"
          />
          <div
            class="sc-bdvvtL kKXOVj"
            color="#122FAA"
          />
          <div
            class="sc-bdvvtL kKXOVj"
            color="#122FAA"
          />
          <div
            class="sc-bdvvtL kKXOVj"
            color="#122FAA"
          />
          <div
            class="sc-bdvvtL kKXOVj"
            color="#122FAA"
          />
          <div
            class="sc-bdvvtL kKXOVj"
            color="#122FAA"
          />
          <div
            class="sc-bdvvtL kKXOVj"
            color="#122FAA"
          />
          <div
            class="sc-dkPtRN ePBYqE"
          >
            3
          </div>
        </div>
        <div
          class="sc-gsDKAQ bcactL"
        >
          <div
            class="sc-dkPtRN ePBYqE"
          >
            4
          </div>
          <div
            class="sc-bdvvtL kKXOVj"
            color="#122FAA"
          />
          <div
            class="sc-bdvvtL kKXOVj"
            color="#122FAA"
          />
          <div
            class="sc-bdvvtL kKXOVj"
            color="#122FAA"
          />
          <div
            class="sc-bdvvtL kKXOVj"
            color="#122FAA"
          />
          <div
            class="sc-bdvvtL kKXOVj"
            color="#122FAA"
          />
          <div
            class="sc-bdvvtL kKXOVj"
            color="#122FAA"
          />
          <div
            class="sc-bdvvtL kKXOVj"
            color="#122FAA"
          />
          <div
            class="sc-bdvvtL kKXOVj"
            color="#122FAA"
          />
          <div
            class="sc-bdvvtL kKXOVj"
            color="#122FAA"
          />
          <div
            class="sc-bdvvtL kKXOVj"
            color="#122FAA"
          />
          <div
            class="sc-dkPtRN ePBYqE"
          >
            4
          </div>
        </div>
        <div
          class="sc-gsDKAQ bcactL"
        >
          <div
            class="sc-dkPtRN ePBYqE"
          >
            5
          </div>
          <div
            class="sc-bdvvtL kKXOVj"
            color="#122FAA"
          />
          <div
            class="sc-bdvvtL kKXOVj"
            color="#122FAA"
          />
          <div
            class="sc-bdvvtL kKXOVj"
            color="#122FAA"
          />
          <div
            class="sc-bdvvtL kKXOVj"
            color="#122FAA"
          />
          <div
            class="sc-bdvvtL kKXOVj"
            color="#122FAA"
          />
          <div
            class="sc-bdvvtL kKXOVj"
            color="#122FAA"
          />
          <div
            class="sc-bdvvtL kKXOVj"
            color="#122FAA"
          />
          <div
            class="sc-bdvvtL kKXOVj"
            color="#122FAA"
          />
          <div
            class="sc-bdvvtL kKXOVj"
            color="#122FAA"
          />
          <div
            class="sc-bdvvtL kKXOVj"
            color="#122FAA"
          />
          <div
            class="sc-dkPtRN ePBYqE"
          >
            5
          </div>
        </div>
        <div
          class="sc-gsDKAQ bcactL"
        >
          <div
            class="sc-dkPtRN ePBYqE"
          >
            6
          </div>
          <div
            class="sc-bdvvtL kKXOVj"
            color="#122FAA"
          />
          <div
            class="sc-bdvvtL kKXOVj"
            color="#122FAA"
          />
          <div
            class="sc-bdvvtL kKXOVj"
            color="#122FAA"
          />
          <div
            class="sc-bdvvtL kKXOVj"
            color="#122FAA"
          />
          <div
            class="sc-bdvvtL kKXOVj"
            color="#122FAA"
          />
          <div
            class="sc-bdvvtL kKXOVj"
            color="#122FAA"
          />
          <div
            class="sc-bdvvtL kKXOVj"
            color="#122FAA"
          />
          <div
            class="sc-bdvvtL kKXOVj"
            color="#122FAA"
          />
          <div
            class="sc-bdvvtL kKXOVj"
            color="#122FAA"
          />
          <div
            class="sc-bdvvtL kKXOVj"
            color="#122FAA"
          />
          <div
            class="sc-dkPtRN ePBYqE"
          >
            6
          </div>
        </div>
        <div
          class="sc-gsDKAQ bcactL"
        >
          <div
            class="sc-dkPtRN ePBYqE"
          >
            7
          </div>
          <div
            class="sc-bdvvtL kKXOVj"
            color="#122FAA"
          />
          <div
            class="sc-bdvvtL kKXOVj"
            color="#122FAA"
          />
          <div
            class="sc-bdvvtL kKXOVj"
            color="#122FAA"
          />
          <div
            class="sc-bdvvtL kKXOVj"
            color="#122FAA"
          />
          <div
            class="sc-bdvvtL kKXOVj"
            color="#122FAA"
          />
          <div
            class="sc-bdvvtL kKXOVj"
            color="#122FAA"
          />
          <div
            class="sc-bdvvtL kKXOVj"
            color="#122FAA"
          />
          <div
            class="sc-bdvvtL kKXOVj"
            color="#122FAA"
          />
          <div
            class="sc-bdvvtL kKXOVj"
            color="#122FAA"
          />
          <div
            class="sc-bdvvtL kKXOVj"
            color="#122FAA"
          />
          <div
            class="sc-dkPtRN ePBYqE"
          >
            7
          </div>
        </div>
        <div
          class="sc-gsDKAQ bcactL"
        >
          <div
            class="sc-dkPtRN ePBYqE"
          >
            8
          </div>
          <div
            class="sc-bdvvtL kKXOVj"
            color="#122FAA"
          />
          <div
            class="sc-bdvvtL kKXOVj"
            color="#122FAA"
          />
          <div
            class="sc-bdvvtL kKXOVj"
            color="#122FAA"
          />
          <div
            class="sc-bdvvtL kKXOVj"
            color="#122FAA"
          />
          <div
            class="sc-bdvvtL kKXOVj"
            color="#122FAA"
          />
          <div
            class="sc-bdvvtL kKXOVj"
            color="#122FAA"
          />
          <div
            class="sc-bdvvtL kKXOVj"
            color="#122FAA"
          />
          <div
            class="sc-bdvvtL kKXOVj"
            color="#122FAA"
          />
          <div
            class="sc-bdvvtL kKXOVj"
            color="#122FAA"
          />
          <div
            class="sc-bdvvtL kKXOVj"
            color="#122FAA"
          />
          <div
            class="sc-dkPtRN ePBYqE"
          >
            8
          </div>
        </div>
        <div
          class="sc-gsDKAQ bcactL"
        >
          <div
            class="sc-dkPtRN ePBYqE"
          >
            9
          </div>
          <div
            class="sc-bdvvtL kKXOVj"
            color="#122FAA"
          />
          <div
            class="sc-bdvvtL kKXOVj"
            color="#122FAA"
          />
          <div
            class="sc-bdvvtL kKXOVj"
            color="#122FAA"
          />
          <div
            class="sc-bdvvtL kKXOVj"
            color="#122FAA"
          />
          <div
            class="sc-bdvvtL kKXOVj"
            color="#122FAA"
          />
          <div
            class="sc-bdvvtL kKXOVj"
            color="#122FAA"
          />
          <div
            class="sc-bdvvtL kKXOVj"
            color="#122FAA"
          />
          <div
            class="sc-bdvvtL kKXOVj"
            color="#122FAA"
          />
          <div
            class="sc-bdvvtL kKXOVj"
            color="#122FAA"
          />
          <div
            class="sc-bdvvtL kKXOVj"
            color="#122FAA"
          />
          <div
            class="sc-dkPtRN ePBYqE"
          >
            9
          </div>
        </div>
        <div
          class="sc-gsDKAQ bcactL"
        >
          <div
            class="sc-dkPtRN ePBYqE"
          >
            10
          </div>
          <div
            class="sc-bdvvtL kKXOVj"
            color="#122FAA"
          />
          <div
            class="sc-bdvvtL kKXOVj"
            color="#122FAA"
          />
          <div
            class="sc-bdvvtL kKXOVj"
            color="#122FAA"
          />
          <div
            class="sc-bdvvtL kKXOVj"
            color="#122FAA"
          />
          <div
            class="sc-bdvvtL kKXOVj"
            color="#122FAA"
          />
          <div
            class="sc-bdvvtL kKXOVj"
            color="#122FAA"
          />
          <div
            class="sc-bdvvtL kKXOVj"
            color="#122FAA"
          />
          <div
            class="sc-bdvvtL kKXOVj"
            color="#122FAA"
          />
          <div
            class="sc-bdvvtL kKXOVj"
            color="#122FAA"
          />
          <div
            class="sc-bdvvtL kKXOVj"
            color="#122FAA"
          />
          <div
            class="sc-dkPtRN ePBYqE"
          >
            10
          </div>
        </div>
        <div
          class="sc-jRQBWg VAgvn"
        >
          <div
            class="sc-gKclnd HCazm"
          />
          <div
            class="sc-gKclnd HCazm"
          >
            a
          </div>
          <div
            class="sc-gKclnd HCazm"
          >
            b
          </div>
          <div
            class="sc-gKclnd HCazm"
          >
            c
          </div>
          <div
            class="sc-gKclnd HCazm"
          >
            d
          </div>
          <div
            class="sc-gKclnd HCazm"
          >
            f
          </div>
          <div
            class="sc-gKclnd HCazm"
          >
            g
          </div>
          <div
            class="sc-gKclnd HCazm"
          >
            h
          </div>
          <div
            class="sc-gKclnd HCazm"
          >
            i
          </div>
          <div
            class="sc-gKclnd HCazm"
          >
            j
          </div>
          <div
            class="sc-gKclnd HCazm"
          >
            k
          </div>
          <div
            class="sc-gKclnd HCazm"
          />
        </div>
      </div>
    </div>
  </div>,
  "debug": [Function],
  "findAllByAltText": [Function],
  "findAllByDisplayValue": [Function],
  "findAllByLabelText": [Function],
  "findAllByPlaceholderText": [Function],
  "findAllByRole": [Function],
  "findAllByTestId": [Function],
  "findAllByText": [Function],
  "findAllByTitle": [Function],
  "findByAltText": [Function],
  "findByDisplayValue": [Function],
  "findByLabelText": [Function],
  "findByPlaceholderText": [Function],
  "findByRole": [Function],
  "findByTestId": [Function],
  "findByText": [Function],
  "findByTitle": [Function],
  "getAllByAltText": [Function],
  "getAllByDisplayValue": [Function],
  "getAllByLabelText": [Function],
  "getAllByPlaceholderText": [Function],
  "getAllByRole": [Function],
  "getAllByTestId": [Function],
  "getAllByText": [Function],
  "getAllByTitle": [Function],
  "getByAltText": [Function],
  "getByDisplayValue": [Function],
  "getByLabelText": [Function],
  "getByPlaceholderText": [Function],
  "getByRole": [Function],
  "getByTestId": [Function],
  "getByText": [Function],
  "getByTitle": [Function],
  "queryAllByAltText": [Function],
  "queryAllByDisplayValue": [Function],
  "queryAllByLabelText": [Function],
  "queryAllByPlaceholderText": [Function],
  "queryAllByRole": [Function],
  "queryAllByTestId": [Function],
  "queryAllByText": [Function],
  "queryAllByTitle": [Function],
  "queryByAltText": [Function],
  "queryByDisplayValue": [Function],
  "queryByLabelText": [Function],
  "queryByPlaceholderText": [Function],
  "queryByRole": [Function],
  "queryByTestId": [Function],
  "queryByText": [Function],
  "queryByTitle": [Function],
  "rerender": [Function],
  "unmount": [Function],
}
`;
